// Jest Snapshot v1, https://goo.gl/fbAQLP

exports[`Register renders correctly 1`] = `ShallowWrapper {}`;
